2014/09/02 17:48:54 [I] init finish
2014/09/02 18:05:59 [I] DRHTVKME9WUF9G3US7C1 
2014/09/02 18:06:04 [I] SID= 0 
2014/09/02 18:06:05 [I] avIndex= 0 
2014/09/03 13:31:18 [I] DRHTVKME9WUF9G3US7C1 
2014/09/03 13:31:21 [I] SID= 0 
2014/09/03 13:31:22 [I] avIndex= 0 
2014/09/03 13:38:09 [I] DRHTVKME9WUF9G3US7C1 
2014/09/03 13:38:10 [I] SID= 0 
2014/09/03 13:38:27 [I] avIndex= -20016 
2014/09/03 13:39:28 [I] DRHTVKME9WUF9G3US7C1 
2014/09/03 13:39:31 [I] SID= 0 
2014/09/03 13:39:31 [I] avIndex= 0 
2014/09/03 15:37:06 [I] DRHTVKME9WUF9G3US7C1 
2014/09/03 15:37:11 [I] SID= 0 
2014/09/03 15:37:28 [I] avIndex= -20016 
2014/09/03 15:40:38 [I] DRHTVKME9WUF9G3US7C1 
2014/09/03 15:40:43 [I] SID= 0 
2014/09/03 15:40:44 [I] avIndex= 0 
2014/09/03 15:40:56 [I] DRHTVKME9WUF9G3US7C1 
2014/09/03 15:41:04 [I] SID= 0 
2014/09/03 15:41:05 [I] avIndex= 0 
2014/09/03 15:51:50 [I] DRHTVKME9WUF9G3US7C1 
2014/09/03 15:51:52 [I] SID= 0 
2014/09/03 15:52:08 [I] avIndex= -20016 
2014/09/03 15:52:09 [I] DRHTVKME9WUF9G3US7C1 
2014/09/03 15:52:10 [I] SID= 0 
2014/09/03 15:52:10 [I] avIndex= 0 
